exports[`<Alarms /> matches the snapshot 1`] = `
ShallowWrapper {
  "complexSelector": ComplexSelector {
    "buildPredicate": [Function],
    "childrenOfNode": [Function],
    "findWhereUnwrapped": [Function],
  },
  "length": 1,
  "node": <div>
    <h2>
        Create alarm
    </h2>
    <Connect(ReduxForm) />
    <h2>
        Alarms
    </h2>
    <Alarm
        alarm={
            Object {
                "some": "item1",
              }
        } />
    <Alarm
        alarm={
            Object {
                "some": "item2",
              }
        } />
    <Alarm
        alarm={
            Object {
                "some": "item3",
              }
        } />
</div>,
  "nodes": Array [
    <div>
      <h2>
            Create alarm
      </h2>
      <Connect(ReduxForm) />
      <h2>
            Alarms
      </h2>
      <Alarm
            alarm={
                  Object {
                        "some": "item1",
                      }
            } />
      <Alarm
            alarm={
                  Object {
                        "some": "item2",
                      }
            } />
      <Alarm
            alarm={
                  Object {
                        "some": "item3",
                      }
            } />
</div>,
  ],
  "options": Object {},
  "renderer": ReactShallowRenderer {
    "_instance": ShallowComponentWrapper {
      "_calledComponentWillUnmount": false,
      "_compositeType": 0,
      "_context": Object {},
      "_currentElement": <Alarms
        items={
                Array [
                        Object {
                          "some": "item1",
                        },
                        Object {
                          "some": "item2",
                        },
                        Object {
                          "some": "item3",
                        },
                      ]
        } />,
      "_debugID": 1,
      "_hostContainerInfo": null,
      "_hostParent": null,
      "_instance": Alarms {
        "_reactInternalInstance": [Circular],
        "context": Object {},
        "props": Object {
          "items": Array [
            Object {
              "some": "item1",
            },
            Object {
              "some": "item2",
            },
            Object {
              "some": "item3",
            },
          ],
        },
        "refs": Object {},
        "state": null,
        "updater": Object {
          "enqueueCallback": [Function],
          "enqueueCallbackInternal": [Function],
          "enqueueElementInternal": [Function],
          "enqueueForceUpdate": [Function],
          "enqueueReplaceState": [Function],
          "enqueueSetState": [Function],
          "isMounted": [Function],
          "validateCallback": [Function],
        },
      },
      "_mountOrder": 1,
      "_pendingCallbacks": null,
      "_pendingElement": null,
      "_pendingForceUpdate": false,
      "_pendingReplaceState": false,
      "_pendingStateQueue": null,
      "_renderedComponent": NoopInternalComponent {
        "_currentElement": <div>
          <h2>
                    Create alarm
          </h2>
          <Connect(ReduxForm) />
          <h2>
                    Alarms
          </h2>
          <Alarm
                    alarm={
                              Object {
                                        "some": "item1",
                                      }
                    } />
          <Alarm
                    alarm={
                              Object {
                                        "some": "item2",
                                      }
                    } />
          <Alarm
                    alarm={
                              Object {
                                        "some": "item3",
                                      }
                    } />
</div>,
        "_debugID": 2,
        "_renderedOutput": <div>
          <h2>
                    Create alarm
          </h2>
          <Connect(ReduxForm) />
          <h2>
                    Alarms
          </h2>
          <Alarm
                    alarm={
                              Object {
                                        "some": "item1",
                                      }
                    } />
          <Alarm
                    alarm={
                              Object {
                                        "some": "item2",
                                      }
                    } />
          <Alarm
                    alarm={
                              Object {
                                        "some": "item3",
                                      }
                    } />
</div>,
      },
      "_renderedNodeType": 0,
      "_rootNodeID": 0,
      "_topLevelWrapper": null,
      "_updateBatchNumber": null,
      "_warnedAboutRefsInRender": false,
    },
    "getRenderOutput": [Function],
    "render": [Function],
  },
  "root": [Circular],
  "unrendered": <Alarms
    items={
        Array [
            Object {
              "some": "item1",
            },
            Object {
              "some": "item2",
            },
            Object {
              "some": "item3",
            },
          ]
    } />,
}
`;
